{"level":"info","message":"MongoDB connected","timestamp":"2026-04-07T04:32:41.576Z"}
{"level":"warn","message":"Redis disabled via REDIS_DISABLED=true. Using in-memory cache.","timestamp":"2026-04-07T04:32:41.578Z"}
{"level":"info","message":"Cache layer ready","timestamp":"2026-04-07T04:32:41.580Z"}
{"level":"info","message":"MoodLift API running on port 5000 [development]","timestamp":"2026-04-07T04:32:41.585Z"}
{"level":"info","message":"Health check: http://localhost:5000/health","timestamp":"2026-04-07T04:32:41.586Z"}
{"level":"info","message":"API base: http://localhost:5000/api/v1","timestamp":"2026-04-07T04:32:41.587Z"}
{"level":"info","message":"User logged in: shiva@gmail.com","timestamp":"2026-04-07T04:33:49.292Z"}
{"code":"NOT_FOUND","details":null,"isOperational":true,"level":"error","message":"Error getting user rank: User not participating in this challenge not found","name":"NotFoundError","stack":"NotFoundError: User not participating in this challenge not found\n    at Object.getUserRank (C:\\Users\\shrid\\Downloads\\moodlift-production\\moodlift\\backend\\src\\services\\challenge.service.js:286:13)\n    at process.processTicksAndRejections (node:internal/process/task_queues:104:5)\n    at async getLeaderboardController (C:\\Users\\shrid\\Downloads\\moodlift-production\\moodlift\\backend\\src\\controllers\\challenge.controller.js:179:18)","statusCode":404,"timestamp":"2026-04-07T04:34:05.686Z"}
{"level":"info","message":"User 69cda0239e255e18f95723e0 joined challenge 69cda184516f5d390d3cd0a7","timestamp":"2026-04-07T04:34:07.310Z"}
{"code":"VALIDATION_ERROR","level":"warn","message":"Client error: Validation failed","method":"GET","statusCode":422,"timestamp":"2026-04-07T04:34:16.598Z","url":"/api/v1/challenges/my"}
{"code":"VALIDATION_ERROR","level":"warn","message":"Client error: Validation failed","method":"GET","statusCode":422,"timestamp":"2026-04-07T04:34:17.606Z","url":"/api/v1/challenges/my"}
{"code":"VALIDATION_ERROR","level":"warn","message":"Client error: Validation failed","method":"GET","statusCode":422,"timestamp":"2026-04-07T04:34:25.801Z","url":"/api/v1/playbooks/my"}
{"code":"VALIDATION_ERROR","level":"warn","message":"Client error: Validation failed","method":"GET","statusCode":422,"timestamp":"2026-04-07T04:34:26.808Z","url":"/api/v1/playbooks/my"}
{"level":"info","message":"MongoDB connected","timestamp":"2026-04-07T04:42:17.874Z"}
{"level":"warn","message":"Redis disabled via REDIS_DISABLED=true. Using in-memory cache.","timestamp":"2026-04-07T04:42:17.878Z"}
{"level":"info","message":"Cache layer ready","timestamp":"2026-04-07T04:42:17.879Z"}
{"level":"info","message":"MoodLift API running on port 5000 [development]","timestamp":"2026-04-07T04:42:17.883Z"}
{"level":"info","message":"Health check: http://localhost:5000/health","timestamp":"2026-04-07T04:42:17.884Z"}
{"level":"info","message":"API base: http://localhost:5000/api/v1","timestamp":"2026-04-07T04:42:17.885Z"}
{"level":"info","message":"MongoDB connected","timestamp":"2026-04-07T04:42:25.447Z"}
{"level":"warn","message":"Redis disabled via REDIS_DISABLED=true. Using in-memory cache.","timestamp":"2026-04-07T04:42:25.452Z"}
{"level":"info","message":"Cache layer ready","timestamp":"2026-04-07T04:42:25.454Z"}
{"level":"info","message":"MoodLift API running on port 5000 [development]","timestamp":"2026-04-07T04:42:25.464Z"}
{"level":"info","message":"Health check: http://localhost:5000/health","timestamp":"2026-04-07T04:42:25.465Z"}
{"level":"info","message":"API base: http://localhost:5000/api/v1","timestamp":"2026-04-07T04:42:25.466Z"}
{"level":"info","message":"MongoDB connected","timestamp":"2026-04-07T04:42:43.806Z"}
{"level":"warn","message":"Redis disabled via REDIS_DISABLED=true. Using in-memory cache.","timestamp":"2026-04-07T04:42:43.808Z"}
{"level":"info","message":"Cache layer ready","timestamp":"2026-04-07T04:42:43.809Z"}
{"level":"info","message":"MoodLift API running on port 5000 [development]","timestamp":"2026-04-07T04:42:43.814Z"}
{"level":"info","message":"Health check: http://localhost:5000/health","timestamp":"2026-04-07T04:42:43.814Z"}
{"level":"info","message":"API base: http://localhost:5000/api/v1","timestamp":"2026-04-07T04:42:43.815Z"}
{"level":"info","message":"MongoDB connected","timestamp":"2026-04-07T04:43:00.120Z"}
{"level":"warn","message":"Redis disabled via REDIS_DISABLED=true. Using in-memory cache.","timestamp":"2026-04-07T04:43:00.127Z"}
{"level":"info","message":"Cache layer ready","timestamp":"2026-04-07T04:43:00.136Z"}
{"level":"info","message":"MoodLift API running on port 5000 [development]","timestamp":"2026-04-07T04:43:00.173Z"}
{"level":"info","message":"Health check: http://localhost:5000/health","timestamp":"2026-04-07T04:43:00.174Z"}
{"level":"info","message":"API base: http://localhost:5000/api/v1","timestamp":"2026-04-07T04:43:00.174Z"}
{"code":"VALIDATION_ERROR","level":"warn","message":"Client error: Validation failed","method":"GET","statusCode":422,"timestamp":"2026-04-07T04:47:52.205Z","url":"/api/v1/playbooks/my"}
{"code":"VALIDATION_ERROR","level":"warn","message":"Client error: Validation failed","method":"GET","statusCode":422,"timestamp":"2026-04-07T04:47:53.215Z","url":"/api/v1/playbooks/my"}
{"code":"VALIDATION_ERROR","level":"warn","message":"Client error: Validation failed","method":"GET","statusCode":422,"timestamp":"2026-04-07T04:48:09.816Z","url":"/api/v1/challenges/my"}
{"code":"VALIDATION_ERROR","level":"warn","message":"Client error: Validation failed","method":"GET","statusCode":422,"timestamp":"2026-04-07T04:48:10.844Z","url":"/api/v1/challenges/my"}
{"code":"VALIDATION_ERROR","level":"warn","message":"Client error: Validation failed","method":"GET","statusCode":422,"timestamp":"2026-04-07T04:48:21.490Z","url":"/api/v1/playbooks/my"}
{"code":"VALIDATION_ERROR","level":"warn","message":"Client error: Validation failed","method":"GET","statusCode":422,"timestamp":"2026-04-07T04:48:22.499Z","url":"/api/v1/playbooks/my"}
{"level":"info","message":"MongoDB connected","timestamp":"2026-04-07T04:50:44.103Z"}
{"level":"warn","message":"Redis disabled via REDIS_DISABLED=true. Using in-memory cache.","timestamp":"2026-04-07T04:50:44.107Z"}
{"level":"info","message":"Cache layer ready","timestamp":"2026-04-07T04:50:44.108Z"}
{"level":"info","message":"MoodLift API running on port 5000 [development]","timestamp":"2026-04-07T04:50:44.112Z"}
{"level":"info","message":"Health check: http://localhost:5000/health","timestamp":"2026-04-07T04:50:44.112Z"}
{"level":"info","message":"API base: http://localhost:5000/api/v1","timestamp":"2026-04-07T04:50:44.113Z"}
{"level":"info","message":"MongoDB connected","timestamp":"2026-04-07T04:52:35.456Z"}
{"level":"warn","message":"Redis disabled via REDIS_DISABLED=true. Using in-memory cache.","timestamp":"2026-04-07T04:52:35.458Z"}
{"level":"info","message":"Cache layer ready","timestamp":"2026-04-07T04:52:35.459Z"}
{"level":"info","message":"MoodLift API running on port 5000 [development]","timestamp":"2026-04-07T04:52:35.463Z"}
{"level":"info","message":"Health check: http://localhost:5000/health","timestamp":"2026-04-07T04:52:35.463Z"}
{"level":"info","message":"API base: http://localhost:5000/api/v1","timestamp":"2026-04-07T04:52:35.463Z"}
{"level":"info","message":"User 69cda0239e255e18f95723e0 completed lesson 1 of playbook 69cda184516f5d390d3cd093","timestamp":"2026-04-07T05:09:59.429Z"}
{"level":"info","message":"Challenge 69d492b0ac1f44f2099c7792 created by user 69cda0239e255e18f95723e0","timestamp":"2026-04-07T05:14:24.882Z"}
{"code":"NOT_FOUND","details":null,"isOperational":true,"level":"error","message":"Error getting user rank: User not participating in this challenge not found","name":"NotFoundError","stack":"NotFoundError: User not participating in this challenge not found\n    at Object.getUserRank (C:\\Users\\shrid\\Downloads\\moodlift-production\\moodlift\\backend\\src\\services\\challenge.service.js:286:13)\n    at process.processTicksAndRejections (node:internal/process/task_queues:104:5)\n    at async getLeaderboardController (C:\\Users\\shrid\\Downloads\\moodlift-production\\moodlift\\backend\\src\\controllers\\challenge.controller.js:179:18)","statusCode":404,"timestamp":"2026-04-07T05:14:24.942Z"}
{"level":"info","message":"User 69cda0239e255e18f95723e0 progress updated on challenge 69cda184516f5d390d3cd0a7","timestamp":"2026-04-07T05:15:26.981Z"}
{"level":"info","message":"User 69cda0239e255e18f95723e0 progress updated on challenge 69cda184516f5d390d3cd0a7","timestamp":"2026-04-07T05:15:29.867Z"}
{"level":"info","message":"User 69cda0239e255e18f95723e0 progress updated on challenge 69cda184516f5d390d3cd0a8","timestamp":"2026-04-07T05:16:05.875Z"}
{"level":"info","message":"User 69cda0239e255e18f95723e0 progress updated on challenge 69cda184516f5d390d3cd0a8","timestamp":"2026-04-07T05:16:11.781Z"}
{"level":"info","message":"User 69cda0239e255e18f95723e0 progress updated on challenge 69cda184516f5d390d3cd0a8","timestamp":"2026-04-07T05:16:17.188Z"}
{"level":"info","message":"SIGINT received. Shutting down gracefully...","timestamp":"2026-04-07T05:18:38.263Z"}
